// Jest Snapshot v1, https://goo.gl/fbAQLP

exports[`Home page renders correctly 1`] = `
<div>
  <div
    class="home"
  >
    <div
      class="home-message"
    >
      <div
        class="text"
      >
        <span>
          Athletes are cool,
        </span>
        <span>
          But some are just... 
        </span>
        <span
          class="special-text"
        >
          Exceptional.
        </span>
        <a
          class=""
          href="#/shop"
        >
          Get Ready!
        </a>
      </div>
    </div>
  </div>
</div>
`;
