// Jest Snapshot v1, https://goo.gl/fbAQLP

exports[`Shop page renders with one item 1`] = `
<div>
  <div
    class="shop"
  >
    <div
      class="cards"
    >
      <div
        class="card"
        data-testid="card"
      >
        <div
          class="img"
        />
        <div
          class="name"
          data-testid="name"
        >
          JOOLA J15 INSIDE TABLE TENNIS TABLE
        </div>
        <div
          class="price"
          data-testid="price"
        >
          £
          599.00
        </div>
        <button
          class=""
        >
          Add to Cart
        </button>
      </div>
    </div>
  </div>
</div>
`;
